#-----------------------------------------------------------
# Vivado v2024.1 (64-bit)
# SW Build 5076996 on Wed May 22 18:37:14 MDT 2024
# IP Build 5075265 on Wed May 22 21:45:21 MDT 2024
# SharedData Build 5076995 on Wed May 22 18:29:18 MDT 2024
# Start of session at: Fri Nov 14 15:21:30 2025
# Process ID: 18232
# Current directory: C:/Users/lucer/Documents/ECE_524L/Project/project_1/project_1.runs/synth_1
# Command line: vivado.exe -log FPGAno.vds -product Vivado -mode batch -messageDb vivado.pb -notrace -source FPGAno.tcl
# Log file: C:/Users/lucer/Documents/ECE_524L/Project/project_1/project_1.runs/synth_1/FPGAno.vds
# Journal file: C:/Users/lucer/Documents/ECE_524L/Project/project_1/project_1.runs/synth_1\vivado.jou
# Running On        :DESKTOP-NO4ERLN
# Platform          :Windows Server 2016 or Windows 10
# Operating System  :26100
# Processor Detail  :AMD Ryzen 5 3600 6-Core Processor              
# CPU Frequency     :3593 MHz
# CPU Physical cores:6
# CPU Logical cores :12
# Host memory       :68621 MB
# Swap memory       :4294 MB
# Total Virtual     :72916 MB
# Available Virtual :48161 MB
#-----------------------------------------------------------
source FPGAno.tcl -notrace
